<?xml version="1.0" encoding="UTF-8"?>
<testsuites>
  <testsuite name="/home/ntoufoudis/Sites/laravelTicket/phpunit.xml" tests="92" assertions="206" errors="0" failures="0" skipped="0" time="3.830793">
    <testsuite name="Feature" tests="92" assertions="206" errors="0" failures="0" skipped="0" time="3.830793">
      <testsuite name="Tests\Feature\Auth\AuthenticationTest" file="tests/Feature/Auth/AuthenticationTest.php" tests="5" assertions="15" errors="0" failures="0" skipped="0" time="0.553762">
        <testcase name="login screen can be rendered" file="tests/Feature/Auth/AuthenticationTest.php::login screen can be rendered" class="Tests\Feature\Auth\AuthenticationTest" classname="Tests.Feature.Auth.AuthenticationTest" assertions="2" time="0.175423"/>
        <testcase name="users can authenticate using the login screen" file="tests/Feature/Auth/AuthenticationTest.php::users can authenticate using the login screen" class="Tests\Feature\Auth\AuthenticationTest" classname="Tests.Feature.Auth.AuthenticationTest" assertions="4" time="0.063078"/>
        <testcase name="users can not authenticate with invalid password" file="tests/Feature/Auth/AuthenticationTest.php::users can not authenticate with invalid password" class="Tests\Feature\Auth\AuthenticationTest" classname="Tests.Feature.Auth.AuthenticationTest" assertions="3" time="0.249034"/>
        <testcase name="navigation menu can be rendered" file="tests/Feature/Auth/AuthenticationTest.php::navigation menu can be rendered" class="Tests\Feature\Auth\AuthenticationTest" classname="Tests.Feature.Auth.AuthenticationTest" assertions="2" time="0.032843"/>
        <testcase name="users can logout" file="tests/Feature/Auth/AuthenticationTest.php::users can logout" class="Tests\Feature\Auth\AuthenticationTest" classname="Tests.Feature.Auth.AuthenticationTest" assertions="4" time="0.033384"/>
      </testsuite>
      <testsuite name="Tests\Feature\Auth\EmailVerificationTest" file="tests/Feature/Auth/EmailVerificationTest.php" tests="4" assertions="9" errors="0" failures="0" skipped="0" time="0.120319">
        <testcase name="email verification screen can be rendered" file="tests/Feature/Auth/EmailVerificationTest.php::email verification screen can be rendered" class="Tests\Feature\Auth\EmailVerificationTest" classname="Tests.Feature.Auth.EmailVerificationTest" assertions="1" time="0.036165"/>
        <testcase name="email can be verified" file="tests/Feature/Auth/EmailVerificationTest.php::email can be verified" class="Tests\Feature\Auth\EmailVerificationTest" classname="Tests.Feature.Auth.EmailVerificationTest" assertions="4" time="0.030245"/>
        <testcase name="email cannot be re-verified" file="tests/Feature/Auth/EmailVerificationTest.php::email cannot be re-verified" class="Tests\Feature\Auth\EmailVerificationTest" classname="Tests.Feature.Auth.EmailVerificationTest" assertions="3" time="0.026004"/>
        <testcase name="email is not verified with invalid hash" file="tests/Feature/Auth/EmailVerificationTest.php::email is not verified with invalid hash" class="Tests\Feature\Auth\EmailVerificationTest" classname="Tests.Feature.Auth.EmailVerificationTest" assertions="1" time="0.027904"/>
      </testsuite>
      <testsuite name="Tests\Feature\Auth\PasswordConfirmationTest" file="tests/Feature/Auth/PasswordConfirmationTest.php" tests="3" assertions="9" errors="0" failures="0" skipped="0" time="0.309635">
        <testcase name="confirm password screen can be rendered" file="tests/Feature/Auth/PasswordConfirmationTest.php::confirm password screen can be rendered" class="Tests\Feature\Auth\PasswordConfirmationTest" classname="Tests.Feature.Auth.PasswordConfirmationTest" assertions="2" time="0.035048"/>
        <testcase name="password can be confirmed" file="tests/Feature/Auth/PasswordConfirmationTest.php::password can be confirmed" class="Tests\Feature\Auth\PasswordConfirmationTest" classname="Tests.Feature.Auth.PasswordConfirmationTest" assertions="3" time="0.036006"/>
        <testcase name="password is not confirmed with invalid password" file="tests/Feature/Auth/PasswordConfirmationTest.php::password is not confirmed with invalid password" class="Tests\Feature\Auth\PasswordConfirmationTest" classname="Tests.Feature.Auth.PasswordConfirmationTest" assertions="4" time="0.238581"/>
      </testsuite>
      <testsuite name="Tests\Feature\Auth\PasswordResetTest" file="tests/Feature/Auth/PasswordResetTest.php" tests="4" assertions="10" errors="0" failures="0" skipped="0" time="0.196701">
        <testcase name="reset password link screen can be rendered" file="tests/Feature/Auth/PasswordResetTest.php::reset password link screen can be rendered" class="Tests\Feature\Auth\PasswordResetTest" classname="Tests.Feature.Auth.PasswordResetTest" assertions="2" time="0.032911"/>
        <testcase name="reset password link can be requested" file="tests/Feature/Auth/PasswordResetTest.php::reset password link can be requested" class="Tests\Feature\Auth\PasswordResetTest" classname="Tests.Feature.Auth.PasswordResetTest" assertions="1" time="0.043130"/>
        <testcase name="reset password screen can be rendered" file="tests/Feature/Auth/PasswordResetTest.php::reset password screen can be rendered" class="Tests\Feature\Auth\PasswordResetTest" classname="Tests.Feature.Auth.PasswordResetTest" assertions="3" time="0.051303"/>
        <testcase name="password can be reset with valid token" file="tests/Feature/Auth/PasswordResetTest.php::password can be reset with valid token" class="Tests\Feature\Auth\PasswordResetTest" classname="Tests.Feature.Auth.PasswordResetTest" assertions="4" time="0.069356"/>
      </testsuite>
      <testsuite name="Tests\Feature\Auth\PasswordUpdateTest" file="tests/Feature/Auth/PasswordUpdateTest.php" tests="2" assertions="7" errors="0" failures="0" skipped="0" time="0.112680">
        <testcase name="password can be updated" file="tests/Feature/Auth/PasswordUpdateTest.php::password can be updated" class="Tests\Feature\Auth\PasswordUpdateTest" classname="Tests.Feature.Auth.PasswordUpdateTest" assertions="3" time="0.059665"/>
        <testcase name="correct password must be provided to update password" file="tests/Feature/Auth/PasswordUpdateTest.php::correct password must be provided to update password" class="Tests\Feature\Auth\PasswordUpdateTest" classname="Tests.Feature.Auth.PasswordUpdateTest" assertions="4" time="0.053015"/>
      </testsuite>
      <testsuite name="Tests\Feature\Auth\RegistrationTest" file="tests/Feature/Auth/RegistrationTest.php" tests="2" assertions="5" errors="0" failures="0" skipped="0" time="0.091946">
        <testcase name="registration screen can be rendered" file="tests/Feature/Auth/RegistrationTest.php::registration screen can be rendered" class="Tests\Feature\Auth\RegistrationTest" classname="Tests.Feature.Auth.RegistrationTest" assertions="2" time="0.034771"/>
        <testcase name="new users can register" file="tests/Feature/Auth/RegistrationTest.php::new users can register" class="Tests\Feature\Auth\RegistrationTest" classname="Tests.Feature.Auth.RegistrationTest" assertions="3" time="0.057174"/>
      </testsuite>
      <testsuite name="Tests\Feature\CategoryTest" file="tests/Feature/CategoryTest.php" tests="4" assertions="8" errors="0" failures="0" skipped="0" time="0.137484">
        <testcase name="it can create a category" file="tests/Feature/CategoryTest.php::it can create a category" class="Tests\Feature\CategoryTest" classname="Tests.Feature.CategoryTest" assertions="2" time="0.023769"/>
        <testcase name="it can get categories by visibility status" file="tests/Feature/CategoryTest.php::it can get categories by visibility status" class="Tests\Feature\CategoryTest" classname="Tests.Feature.CategoryTest" assertions="3" time="0.028719"/>
        <testcase name="it can attach category to a ticket" file="tests/Feature/CategoryTest.php::it can attach category to a ticket" class="Tests\Feature\CategoryTest" classname="Tests.Feature.CategoryTest" assertions="1" time="0.061142"/>
        <testcase name="it can detach category from a ticket" file="tests/Feature/CategoryTest.php::it can detach category from a ticket" class="Tests\Feature\CategoryTest" classname="Tests.Feature.CategoryTest" assertions="2" time="0.023854"/>
      </testsuite>
      <testsuite name="Tests\Feature\LabelTest" file="tests/Feature/LabelTest.php" tests="4" assertions="8" errors="0" failures="0" skipped="0" time="0.106267">
        <testcase name="it can create a label" file="tests/Feature/LabelTest.php::it can create a label" class="Tests\Feature\LabelTest" classname="Tests.Feature.LabelTest" assertions="2" time="0.025587"/>
        <testcase name="it can get labels by visibility status" file="tests/Feature/LabelTest.php::it can get labels by visibility status" class="Tests\Feature\LabelTest" classname="Tests.Feature.LabelTest" assertions="3" time="0.028957"/>
        <testcase name="it can attach label to a ticket" file="tests/Feature/LabelTest.php::it can attach label to a ticket" class="Tests\Feature\LabelTest" classname="Tests.Feature.LabelTest" assertions="1" time="0.023508"/>
        <testcase name="it can detach label from a ticket" file="tests/Feature/LabelTest.php::it can detach label from a ticket" class="Tests\Feature\LabelTest" classname="Tests.Feature.LabelTest" assertions="2" time="0.028215"/>
      </testsuite>
      <testsuite name="Tests\Feature\MessageTest" file="tests/Feature/MessageTest.php" tests="3" assertions="4" errors="0" failures="0" skipped="0" time="0.081092">
        <testcase name="it can create a message" file="tests/Feature/MessageTest.php::it can create a message" class="Tests\Feature\MessageTest" classname="Tests.Feature.MessageTest" assertions="2" time="0.029607"/>
        <testcase name="it can attach message to a ticket" file="tests/Feature/MessageTest.php::it can attach message to a ticket" class="Tests\Feature\MessageTest" classname="Tests.Feature.MessageTest" assertions="1" time="0.026592"/>
        <testcase name="it can be associated to a user" file="tests/Feature/MessageTest.php::it can be associated to a user" class="Tests\Feature\MessageTest" classname="Tests.Feature.MessageTest" assertions="1" time="0.024894"/>
      </testsuite>
      <testsuite name="Tests\Feature\ProfileTest" file="tests/Feature/ProfileTest.php" tests="5" assertions="22" errors="0" failures="0" skipped="0" time="0.213626">
        <testcase name="profile page is displayed" file="tests/Feature/ProfileTest.php::profile page is displayed" class="Tests\Feature\ProfileTest" classname="Tests.Feature.ProfileTest" assertions="4" time="0.046651"/>
        <testcase name="profile information can be updated" file="tests/Feature/ProfileTest.php::profile information can be updated" class="Tests\Feature\ProfileTest" classname="Tests.Feature.ProfileTest" assertions="5" time="0.045571"/>
        <testcase name="email verification status is unchanged when the email address is unchanged" file="tests/Feature/ProfileTest.php::email verification status is unchanged when the email address is unchanged" class="Tests\Feature\ProfileTest" classname="Tests.Feature.ProfileTest" assertions="3" time="0.045505"/>
        <testcase name="user can delete their account" file="tests/Feature/ProfileTest.php::user can delete their account" class="Tests\Feature\ProfileTest" classname="Tests.Feature.ProfileTest" assertions="5" time="0.037093"/>
        <testcase name="correct password must be provided to delete account" file="tests/Feature/ProfileTest.php::correct password must be provided to delete account" class="Tests\Feature\ProfileTest" classname="Tests.Feature.ProfileTest" assertions="5" time="0.038807"/>
      </testsuite>
      <testsuite name="Tests\Feature\TicketRelationsTest" file="tests/Feature/TicketRelationsTest.php" tests="10" assertions="13" errors="0" failures="0" skipped="0" time="0.264733">
        <testcase name="it creates a ticket with associated user" file="tests/Feature/TicketRelationsTest.php::it creates a ticket with associated user" class="Tests\Feature\TicketRelationsTest" classname="Tests.Feature.TicketRelationsTest" assertions="2" time="0.028132"/>
        <testcase name="it associates labels to a ticket" file="tests/Feature/TicketRelationsTest.php::it associates labels to a ticket" class="Tests\Feature\TicketRelationsTest" classname="Tests.Feature.TicketRelationsTest" assertions="1" time="0.025571"/>
        <testcase name="it sync labels to a ticket" file="tests/Feature/TicketRelationsTest.php::it sync labels to a ticket" class="Tests\Feature\TicketRelationsTest" classname="Tests.Feature.TicketRelationsTest" assertions="1" time="0.025654"/>
        <testcase name="it sync labels to a ticket without detaching" file="tests/Feature/TicketRelationsTest.php::it sync labels to a ticket without detaching" class="Tests\Feature\TicketRelationsTest" classname="Tests.Feature.TicketRelationsTest" assertions="1" time="0.027931"/>
        <testcase name="it associates categories to a ticket" file="tests/Feature/TicketRelationsTest.php::it associates categories to a ticket" class="Tests\Feature\TicketRelationsTest" classname="Tests.Feature.TicketRelationsTest" assertions="1" time="0.029363"/>
        <testcase name="it sync categories to a ticket" file="tests/Feature/TicketRelationsTest.php::it sync categories to a ticket" class="Tests\Feature\TicketRelationsTest" classname="Tests.Feature.TicketRelationsTest" assertions="1" time="0.026345"/>
        <testcase name="it sync categories to a ticket without detaching" file="tests/Feature/TicketRelationsTest.php::it sync categories to a ticket without detaching" class="Tests\Feature\TicketRelationsTest" classname="Tests.Feature.TicketRelationsTest" assertions="1" time="0.028229"/>
        <testcase name="it can create a message inside the ticket by authenticated user" file="tests/Feature/TicketRelationsTest.php::it can create a message inside the ticket by authenticated user" class="Tests\Feature\TicketRelationsTest" classname="Tests.Feature.TicketRelationsTest" assertions="1" time="0.023167"/>
        <testcase name="it can create a message inside the ticket by another user" file="tests/Feature/TicketRelationsTest.php::it can create a message inside the ticket by another user" class="Tests\Feature\TicketRelationsTest" classname="Tests.Feature.TicketRelationsTest" assertions="2" time="0.024223"/>
        <testcase name="it associate a comment ticket to the current user, if no user is defined" file="tests/Feature/TicketRelationsTest.php::it associate a comment ticket to the current user, if no user is defined" class="Tests\Feature\TicketRelationsTest" classname="Tests.Feature.TicketRelationsTest" assertions="2" time="0.026118"/>
      </testsuite>
      <testsuite name="Tests\Feature\TicketTest" file="tests/Feature/TicketTest.php" tests="24" assertions="44" errors="0" failures="0" skipped="0" time="0.613335">
        <testcase name="it can create a ticket" file="tests/Feature/TicketTest.php::it can create a ticket" class="Tests\Feature\TicketTest" classname="Tests.Feature.TicketTest" assertions="2" time="0.033105"/>
        <testcase name="it filters tickets by status" file="tests/Feature/TicketTest.php::it filters tickets by status" class="Tests\Feature\TicketTest" classname="Tests.Feature.TicketTest" assertions="5" time="0.033504"/>
        <testcase name="it filters tickets by resolved status" file="tests/Feature/TicketTest.php::it filters tickets by resolved status" class="Tests\Feature\TicketTest" classname="Tests.Feature.TicketTest" assertions="3" time="0.030887"/>
        <testcase name="it filters tickets by locked status" file="tests/Feature/TicketTest.php::it filters tickets by locked status" class="Tests\Feature\TicketTest" classname="Tests.Feature.TicketTest" assertions="3" time="0.030445"/>
        <testcase name="it filters tickets by priority status" file="tests/Feature/TicketTest.php::it filters tickets by priority status" class="Tests\Feature\TicketTest" classname="Tests.Feature.TicketTest" assertions="4" time="0.047110"/>
        <testcase name="it can close the ticket" file="tests/Feature/TicketTest.php::it can close the ticket" class="Tests\Feature\TicketTest" classname="Tests.Feature.TicketTest" assertions="1" time="0.022418"/>
        <testcase name="it can reopen the ticket" file="tests/Feature/TicketTest.php::it can reopen the ticket" class="Tests\Feature\TicketTest" classname="Tests.Feature.TicketTest" assertions="1" time="0.021248"/>
        <testcase name="it can check if the ticket is open/closed/archived" file="tests/Feature/TicketTest.php::it can check if the ticket is open/closed/archived" class="Tests\Feature\TicketTest" classname="Tests.Feature.TicketTest" assertions="3" time="0.025651"/>
        <testcase name="it can check if the ticket is resolved or unresolved" file="tests/Feature/TicketTest.php::it can check if the ticket is resolved or unresolved" class="Tests\Feature\TicketTest" classname="Tests.Feature.TicketTest" assertions="2" time="0.023414"/>
        <testcase name="it can mark a ticket as archived" file="tests/Feature/TicketTest.php::it can mark a ticket as archived" class="Tests\Feature\TicketTest" classname="Tests.Feature.TicketTest" assertions="1" time="0.022098"/>
        <testcase name="it can mark a ticket as resolved" file="tests/Feature/TicketTest.php::it can mark a ticket as resolved" class="Tests\Feature\TicketTest" classname="Tests.Feature.TicketTest" assertions="1" time="0.026752"/>
        <testcase name="it can mark a ticket as locked" file="tests/Feature/TicketTest.php::it can mark a ticket as locked" class="Tests\Feature\TicketTest" classname="Tests.Feature.TicketTest" assertions="1" time="0.022307"/>
        <testcase name="it can mark a ticket as unlocked" file="tests/Feature/TicketTest.php::it can mark a ticket as unlocked" class="Tests\Feature\TicketTest" classname="Tests.Feature.TicketTest" assertions="1" time="0.022039"/>
        <testcase name="it can mark a ticket as closed &amp; resolved" file="tests/Feature/TicketTest.php::it can mark a ticket as closed &amp; resolved" class="Tests\Feature\TicketTest" classname="Tests.Feature.TicketTest" assertions="2" time="0.022339"/>
        <testcase name="it can mark a ticket as closed &amp; unresolved" file="tests/Feature/TicketTest.php::it can mark a ticket as closed &amp; unresolved" class="Tests\Feature\TicketTest" classname="Tests.Feature.TicketTest" assertions="2" time="0.022421"/>
        <testcase name="it can mark a ticket as reopened &amp; unresolved" file="tests/Feature/TicketTest.php::it can mark a ticket as reopened &amp; unresolved" class="Tests\Feature\TicketTest" classname="Tests.Feature.TicketTest" assertions="2" time="0.022317"/>
        <testcase name="it can mark a ticket as locked &amp; unlocked" file="tests/Feature/TicketTest.php::it can mark a ticket as locked &amp; unlocked" class="Tests\Feature\TicketTest" classname="Tests.Feature.TicketTest" assertions="2" time="0.024772"/>
        <testcase name="it ensures ticket methods are chainable" file="tests/Feature/TicketTest.php::it ensures ticket methods are chainable" class="Tests\Feature\TicketTest" classname="Tests.Feature.TicketTest" assertions="2" time="0.023301"/>
        <testcase name="it can delete a ticket" file="tests/Feature/TicketTest.php::it can delete a ticket" class="Tests\Feature\TicketTest" classname="Tests.Feature.TicketTest" assertions="1" time="0.021726"/>
        <testcase name="it can assign ticket to a user using user model" file="tests/Feature/TicketTest.php::it can assign ticket to a user using user model" class="Tests\Feature\TicketTest" classname="Tests.Feature.TicketTest" assertions="1" time="0.023988"/>
        <testcase name="it can assign ticket to a user using user id" file="tests/Feature/TicketTest.php::it can assign ticket to a user using user id" class="Tests\Feature\TicketTest" classname="Tests.Feature.TicketTest" assertions="1" time="0.024088"/>
        <testcase name="it can mark a ticket priority as low" file="tests/Feature/TicketTest.php::it can mark a ticket priority as low" class="Tests\Feature\TicketTest" classname="Tests.Feature.TicketTest" assertions="1" time="0.022725"/>
        <testcase name="it can mark a ticket priority as normal" file="tests/Feature/TicketTest.php::it can mark a ticket priority as normal" class="Tests\Feature\TicketTest" classname="Tests.Feature.TicketTest" assertions="1" time="0.022532"/>
        <testcase name="it can mark a ticket priority as high" file="tests/Feature/TicketTest.php::it can mark a ticket priority as high" class="Tests\Feature\TicketTest" classname="Tests.Feature.TicketTest" assertions="1" time="0.022149"/>
      </testsuite>
      <testsuite name="Tests\Feature\Views\CategoriesTest" file="tests/Feature/Views/CategoriesTest.php" tests="11" assertions="26" errors="0" failures="0" skipped="0" time="0.519873">
        <testcase name="it can show create modal" file="tests/Feature/Views/CategoriesTest.php::it can show create modal" class="Tests\Feature\Views\CategoriesTest" classname="Tests.Feature.Views.CategoriesTest" assertions="2" time="0.058754"/>
        <testcase name="it can show edit modal" file="tests/Feature/Views/CategoriesTest.php::it can show edit modal" class="Tests\Feature\Views\CategoriesTest" classname="Tests.Feature.Views.CategoriesTest" assertions="3" time="0.043892"/>
        <testcase name="it can show delete modal" file="tests/Feature/Views/CategoriesTest.php::it can show delete modal" class="Tests\Feature\Views\CategoriesTest" classname="Tests.Feature.Views.CategoriesTest" assertions="3" time="0.038508"/>
        <testcase name="it can close modals" file="tests/Feature/Views/CategoriesTest.php::it can close modals" class="Tests\Feature\Views\CategoriesTest" classname="Tests.Feature.Views.CategoriesTest" assertions="4" time="0.067138"/>
        <testcase name="it can show all categories" file="tests/Feature/Views/CategoriesTest.php::it can show all categories" class="Tests\Feature\Views\CategoriesTest" classname="Tests.Feature.Views.CategoriesTest" assertions="1" time="0.036959"/>
        <testcase name="it can paginate data" file="tests/Feature/Views/CategoriesTest.php::it can paginate data" class="Tests\Feature\Views\CategoriesTest" classname="Tests.Feature.Views.CategoriesTest" assertions="1" time="0.039411"/>
        <testcase name="it can search categories" file="tests/Feature/Views/CategoriesTest.php::it can search categories" class="Tests\Feature\Views\CategoriesTest" classname="Tests.Feature.Views.CategoriesTest" assertions="2" time="0.037618"/>
        <testcase name="it can sort data" file="tests/Feature/Views/CategoriesTest.php::it can sort data" class="Tests\Feature\Views\CategoriesTest" classname="Tests.Feature.Views.CategoriesTest" assertions="4" time="0.046351"/>
        <testcase name="it can create new category" file="tests/Feature/Views/CategoriesTest.php::it can create new category" class="Tests\Feature\Views\CategoriesTest" classname="Tests.Feature.Views.CategoriesTest" assertions="2" time="0.048571"/>
        <testcase name="it can update category" file="tests/Feature/Views/CategoriesTest.php::it can update category" class="Tests\Feature\Views\CategoriesTest" classname="Tests.Feature.Views.CategoriesTest" assertions="2" time="0.056729"/>
        <testcase name="it can delete category" file="tests/Feature/Views/CategoriesTest.php::it can delete category" class="Tests\Feature\Views\CategoriesTest" classname="Tests.Feature.Views.CategoriesTest" assertions="2" time="0.045941"/>
      </testsuite>
      <testsuite name="Tests\Feature\Views\LabelsTest" file="tests/Feature/Views/LabelsTest.php" tests="11" assertions="26" errors="0" failures="0" skipped="0" time="0.509340">
        <testcase name="it can show create modal" file="tests/Feature/Views/LabelsTest.php::it can show create modal" class="Tests\Feature\Views\LabelsTest" classname="Tests.Feature.Views.LabelsTest" assertions="2" time="0.046976"/>
        <testcase name="it can show edit modal" file="tests/Feature/Views/LabelsTest.php::it can show edit modal" class="Tests\Feature\Views\LabelsTest" classname="Tests.Feature.Views.LabelsTest" assertions="3" time="0.038561"/>
        <testcase name="it can show delete modal" file="tests/Feature/Views/LabelsTest.php::it can show delete modal" class="Tests\Feature\Views\LabelsTest" classname="Tests.Feature.Views.LabelsTest" assertions="3" time="0.044375"/>
        <testcase name="it can close modals" file="tests/Feature/Views/LabelsTest.php::it can close modals" class="Tests\Feature\Views\LabelsTest" classname="Tests.Feature.Views.LabelsTest" assertions="4" time="0.068150"/>
        <testcase name="it can show all labels" file="tests/Feature/Views/LabelsTest.php::it can show all labels" class="Tests\Feature\Views\LabelsTest" classname="Tests.Feature.Views.LabelsTest" assertions="1" time="0.037106"/>
        <testcase name="it can paginate data" file="tests/Feature/Views/LabelsTest.php::it can paginate data" class="Tests\Feature\Views\LabelsTest" classname="Tests.Feature.Views.LabelsTest" assertions="1" time="0.039464"/>
        <testcase name="it can search labels" file="tests/Feature/Views/LabelsTest.php::it can search labels" class="Tests\Feature\Views\LabelsTest" classname="Tests.Feature.Views.LabelsTest" assertions="2" time="0.037953"/>
        <testcase name="it can sort data" file="tests/Feature/Views/LabelsTest.php::it can sort data" class="Tests\Feature\Views\LabelsTest" classname="Tests.Feature.Views.LabelsTest" assertions="4" time="0.046580"/>
        <testcase name="it can create new label" file="tests/Feature/Views/LabelsTest.php::it can create new label" class="Tests\Feature\Views\LabelsTest" classname="Tests.Feature.Views.LabelsTest" assertions="2" time="0.047713"/>
        <testcase name="it can update label" file="tests/Feature/Views/LabelsTest.php::it can update label" class="Tests\Feature\Views\LabelsTest" classname="Tests.Feature.Views.LabelsTest" assertions="2" time="0.055513"/>
        <testcase name="it can delete label" file="tests/Feature/Views/LabelsTest.php::it can delete label" class="Tests\Feature\Views\LabelsTest" classname="Tests.Feature.Views.LabelsTest" assertions="2" time="0.046950"/>
      </testsuite>
    </testsuite>
  </testsuite>
</testsuites>
